lean-toolchain: OK
lakefile.toml: OK
lake-manifest.json: OK
CNRSProblem2.lean: OK
CNRSProblem2/BranchCover.lean: OK
CNRSProblem2/CanonicalLiftedLog.lean: OK
CNRSProblem2/BranchSerialization.lean: OK
CNRSProblem2/FiniteLaurentValueCodec.lean: OK
CNRSProblem2/FiniteHurwitz.lean: OK
CNRSProblem2/BranchedFiniteHurwitz.lean: OK
CNRSProblem2/BranchTransport.lean: OK
CNRSProblem2/BranchOrbit.lean: OK
CNRSProblem2/CNRSIntegration.lean: OK
CNRSProblem2/FiniteHurwitzAntiderivative.lean: OK
README.md: OK
MANIFEST.md: OK
P2_L3_THEOREM_BOUNDARY_FROZEN.md: OK
P2_L4_THEOREM_BOUNDARY_FROZEN.md: OK
P2_L5_THEOREM_BOUNDARY_FROZEN.md: OK
P2_L6_THEOREM_BOUNDARY_FROZEN.md: OK
P2_L7_THEOREM_BOUNDARY_FROZEN.md: OK
P2_L8_THEOREM_BOUNDARY_FROZEN.md: OK
P2_L9_THEOREM_BOUNDARY_FROZEN.md: OK
P2_L10_THEOREM_BOUNDARY_FROZEN.md: OK
